Archive member included because of file (symbol)

d:/bin/../lib/gcc/avr/4.3.3/avr5\libgcc.a(_exit.o)
                              d:/bin/../lib/gcc/avr/4.3.3/../../../../avr/lib/avr5/crtm328.o (exit)

Memory Configuration

Name             Origin             Length             Attributes
text             0x00000000         0x00020000         xr
data             0x00800060         0x0000ffa0         rw !x
eeprom           0x00810000         0x00010000         rw !x
fuse             0x00820000         0x00000400         rw !x
lock             0x00830000         0x00000400         rw !x
signature        0x00840000         0x00000400         rw !x
*default*        0x00000000         0xffffffff

Linker script and memory map

Address of section .data set to 0x800100
LOAD d:/bin/../lib/gcc/avr/4.3.3/../../../../avr/lib/avr5/crtm328.o
LOAD obj\Debug\Activity_1.o
LOAD obj\Debug\Activity_2.o
LOAD obj\Debug\Activity_3.o
LOAD obj\Debug\fuse.o
LOAD obj\Debug\main.o
LOAD obj\Debug\Totalactivity.o
LOAD d:/bin/../lib/gcc/avr/4.3.3/avr5\libgcc.a
LOAD d:/bin/../lib/gcc/avr/4.3.3/../../../../avr/lib/avr5\libc.a
LOAD d:/bin/../lib/gcc/avr/4.3.3/avr5\libgcc.a

.hash
 *(.hash)

.dynsym
 *(.dynsym)

.dynstr
 *(.dynstr)

.gnu.version
 *(.gnu.version)

.gnu.version_d
 *(.gnu.version_d)

.gnu.version_r
 *(.gnu.version_r)

.rel.init
 *(.rel.init)

.rela.init
 *(.rela.init)

.rel.text
 *(.rel.text)
 *(.rel.text.*)
 *(.rel.gnu.linkonce.t*)

.rela.text
 *(.rela.text)
 *(.rela.text.*)
 *(.rela.gnu.linkonce.t*)

.rel.fini
 *(.rel.fini)

.rela.fini
 *(.rela.fini)

.rel.rodata
 *(.rel.rodata)
 *(.rel.rodata.*)
 *(.rel.gnu.linkonce.r*)

.rela.rodata
 *(.rela.rodata)
 *(.rela.rodata.*)
 *(.rela.gnu.linkonce.r*)

.rel.data
 *(.rel.data)
 *(.rel.data.*)
 *(.rel.gnu.linkonce.d*)

.rela.data
 *(.rela.data)
 *(.rela.data.*)
 *(.rela.gnu.linkonce.d*)

.rel.ctors
 *(.rel.ctors)

.rela.ctors
 *(.rela.ctors)

.rel.dtors
 *(.rel.dtors)

.rela.dtors
 *(.rela.dtors)

.rel.got
 *(.rel.got)

.rela.got
 *(.rela.got)

.rel.bss
 *(.rel.bss)

.rela.bss
 *(.rela.bss)

.rel.plt
 *(.rel.plt)

.rela.plt
 *(.rela.plt)

.text           0x00000000      0x22e
 *(.vectors)
 .vectors       0x00000000       0x68 d:/bin/../lib/gcc/avr/4.3.3/../../../../avr/lib/avr5/crtm328.o
                0x00000000                __vectors
                0x00000000                __vector_default
 *(.vectors)
 *(.progmem.gcc*)
 *(.progmem*)
                0x00000068                . = ALIGN (0x2)
                0x00000068                __trampolines_start = .
 *(.trampolines)
 .trampolines   0x00000068        0x0 linker stubs
 *(.trampolines*)
                0x00000068                __trampolines_end = .
 *(.jumptables)
 *(.jumptables*)
 *(.lowtext)
 *(.lowtext*)
                0x00000068                __ctors_start = .
 *(.ctors)
                0x00000068                __ctors_end = .
                0x00000068                __dtors_start = .
 *(.dtors)
                0x00000068                __dtors_end = .
 SORT(*)(.ctors)
 SORT(*)(.dtors)
 *(.init0)
 .init0         0x00000068        0x0 d:/bin/../lib/gcc/avr/4.3.3/../../../../avr/lib/avr5/crtm328.o
                0x00000068                __init
 *(.init0)
 *(.init1)
 *(.init1)
 *(.init2)
 .init2         0x00000068        0xc d:/bin/../lib/gcc/avr/4.3.3/../../../../avr/lib/avr5/crtm328.o
 *(.init2)
 *(.init3)
 *(.init3)
 *(.init4)
 *(.init4)
 *(.init5)
 *(.init5)
 *(.init6)
 *(.init6)
 *(.init7)
 *(.init7)
 *(.init8)
 *(.init8)
 *(.init9)
 .init9         0x00000074        0x8 d:/bin/../lib/gcc/avr/4.3.3/../../../../avr/lib/avr5/crtm328.o
 *(.init9)
 *(.text)
 .text          0x0000007c        0x4 d:/bin/../lib/gcc/avr/4.3.3/../../../../avr/lib/avr5/crtm328.o
                0x0000007c                __vector_22
                0x0000007c                __vector_1
                0x0000007c                __vector_24
                0x0000007c                __vector_12
                0x0000007c                __bad_interrupt
                0x0000007c                __vector_6
                0x0000007c                __vector_3
                0x0000007c                __vector_23
                0x0000007c                __vector_25
                0x0000007c                __vector_11
                0x0000007c                __vector_13
                0x0000007c                __vector_17
                0x0000007c                __vector_19
                0x0000007c                __vector_7
                0x0000007c                __vector_5
                0x0000007c                __vector_4
                0x0000007c                __vector_9
                0x0000007c                __vector_2
                0x0000007c                __vector_21
                0x0000007c                __vector_15
                0x0000007c                __vector_8
                0x0000007c                __vector_14
                0x0000007c                __vector_10
                0x0000007c                __vector_16
                0x0000007c                __vector_18
                0x0000007c                __vector_20
 .text          0x00000080        0xe obj\Debug\Activity_1.o
                0x00000080                Activity1_init
 .text          0x0000008e       0x4e obj\Debug\Activity_2.o
                0x000000a4                Read_ADC
                0x0000008e                ADConverter_init
 .text          0x000000dc       0xec obj\Debug\Activity_3.o
                0x000000dc                PWM_init
                0x000000f4                PWM
 .text          0x000001c8        0x0 obj\Debug\fuse.o
 .text          0x000001c8       0x3c obj\Debug\main.o
                0x000001c8                main
 .text          0x00000204       0x26 obj\Debug\Totalactivity.o
                0x0000021a                Write_UART
                0x00000204                UART_init
 .text          0x0000022a        0x0 d:/bin/../lib/gcc/avr/4.3.3/avr5\libgcc.a(_exit.o)
                0x0000022a                . = ALIGN (0x2)
 *(.text.*)
 .text.libgcc   0x0000022a        0x0 d:/bin/../lib/gcc/avr/4.3.3/avr5\libgcc.a(_exit.o)
                0x0000022a                . = ALIGN (0x2)
 *(.fini9)
 .fini9         0x0000022a        0x0 d:/bin/../lib/gcc/avr/4.3.3/avr5\libgcc.a(_exit.o)
                0x0000022a                exit
                0x0000022a                _exit
 *(.fini9)
 *(.fini8)
 *(.fini8)
 *(.fini7)
 *(.fini7)
 *(.fini6)
 *(.fini6)
 *(.fini5)
 *(.fini5)
 *(.fini4)
 *(.fini4)
 *(.fini3)
 *(.fini3)
 *(.fini2)
 *(.fini2)
 *(.fini1)
 *(.fini1)
 *(.fini0)
 .fini0         0x0000022a        0x4 d:/bin/../lib/gcc/avr/4.3.3/avr5\libgcc.a(_exit.o)
 *(.fini0)
                0x0000022e                _etext = .

.data           0x00800100        0x0 load address 0x0000022e
                0x00800100                PROVIDE (__data_start, .)
 *(.data)
 .data          0x00800100        0x0 d:/bin/../lib/gcc/avr/4.3.3/../../../../avr/lib/avr5/crtm328.o
 .data          0x00800100        0x0 obj\Debug\Activity_1.o
 .data          0x00800100        0x0 obj\Debug\Activity_2.o
 .data          0x00800100        0x0 obj\Debug\Activity_3.o
 .data          0x00800100        0x0 obj\Debug\fuse.o
 .data          0x00800100        0x0 obj\Debug\main.o
 .data          0x00800100        0x0 obj\Debug\Totalactivity.o
 .data          0x00800100        0x0 d:/bin/../lib/gcc/avr/4.3.3/avr5\libgcc.a(_exit.o)
 *(.data*)
 *(.rodata)
 *(.rodata*)
 *(.gnu.linkonce.d*)
                0x00800100                . = ALIGN (0x2)
                0x00800100                _edata = .
                0x00800100                PROVIDE (__data_end, .)

.bss            0x00800100        0x0
                0x00800100                PROVIDE (__bss_start, .)
 *(.bss)
 .bss           0x00800100        0x0 d:/bin/../lib/gcc/avr/4.3.3/../../../../avr/lib/avr5/crtm328.o
 .bss           0x00800100        0x0 obj\Debug\Activity_1.o
 .bss           0x00800100        0x0 obj\Debug\Activity_2.o
 .bss           0x00800100        0x0 obj\Debug\Activity_3.o
 .bss           0x00800100        0x0 obj\Debug\fuse.o
 .bss           0x00800100        0x0 obj\Debug\main.o
 .bss           0x00800100        0x0 obj\Debug\Totalactivity.o
 .bss           0x00800100        0x0 d:/bin/../lib/gcc/avr/4.3.3/avr5\libgcc.a(_exit.o)
 *(.bss*)
 *(COMMON)
                0x00800100                PROVIDE (__bss_end, .)
                0x0000022e                __data_load_start = LOADADDR (.data)
                0x0000022e                __data_load_end = (__data_load_start + SIZEOF (.data))

.noinit         0x00800100        0x0
                0x00800100                PROVIDE (__noinit_start, .)
 *(.noinit*)
                0x00800100                PROVIDE (__noinit_end, .)
                0x00800100                _end = .
                0x00800100                PROVIDE (__heap_start, .)

.eeprom         0x00810000        0x0
 *(.eeprom*)
                0x00810000                __eeprom_end = .

.fuse           0x00820000        0x3
 *(.fuse)
 .fuse          0x00820000        0x3 obj\Debug\fuse.o
                0x00820000                __fuse
 *(.lfuse)
 *(.hfuse)
 *(.efuse)

.lock
 *(.lock*)

.signature
 *(.signature*)

.stab
 *(.stab)

.stabstr
 *(.stabstr)

.stab.excl
 *(.stab.excl)

.stab.exclstr
 *(.stab.exclstr)

.stab.index
 *(.stab.index)

.stab.indexstr
 *(.stab.indexstr)

.comment
 *(.comment)

.debug
 *(.debug)

.line
 *(.line)

.debug_srcinfo
 *(.debug_srcinfo)

.debug_sfnames
 *(.debug_sfnames)

.debug_aranges  0x00000000       0xa0
 *(.debug_aranges)
 .debug_aranges
                0x00000000       0x20 obj\Debug\Activity_1.o
 .debug_aranges
                0x00000020       0x20 obj\Debug\Activity_2.o
 .debug_aranges
                0x00000040       0x20 obj\Debug\Activity_3.o
 .debug_aranges
                0x00000060       0x20 obj\Debug\main.o
 .debug_aranges
                0x00000080       0x20 obj\Debug\Totalactivity.o

.debug_pubnames
                0x00000000       0xe7
 *(.debug_pubnames)
 .debug_pubnames
                0x00000000       0x25 obj\Debug\Activity_1.o
 .debug_pubnames
                0x00000025       0x34 obj\Debug\Activity_2.o
 .debug_pubnames
                0x00000059       0x27 obj\Debug\Activity_3.o
 .debug_pubnames
                0x00000080       0x1d obj\Debug\fuse.o
 .debug_pubnames
                0x0000009d       0x1b obj\Debug\main.o
 .debug_pubnames
                0x000000b8       0x2f obj\Debug\Totalactivity.o

.debug_info     0x00000000      0x540
 *(.debug_info)
 .debug_info    0x00000000       0x71 obj\Debug\Activity_1.o
 .debug_info    0x00000071       0xae obj\Debug\Activity_2.o
 .debug_info    0x0000011f      0x210 obj\Debug\Activity_3.o
 .debug_info    0x0000032f       0xae obj\Debug\fuse.o
 .debug_info    0x000003dd       0xa3 obj\Debug\main.o
 .debug_info    0x00000480       0xc0 obj\Debug\Totalactivity.o
 *(.gnu.linkonce.wi.*)

.debug_abbrev   0x00000000      0x2c6
 *(.debug_abbrev)
 .debug_abbrev  0x00000000       0x3d obj\Debug\Activity_1.o
 .debug_abbrev  0x0000003d       0x70 obj\Debug\Activity_2.o
 .debug_abbrev  0x000000ad       0xec obj\Debug\Activity_3.o
 .debug_abbrev  0x00000199       0x73 obj\Debug\fuse.o
 .debug_abbrev  0x0000020c       0x5d obj\Debug\main.o
 .debug_abbrev  0x00000269       0x5d obj\Debug\Totalactivity.o

.debug_line     0x00000000      0x526
 *(.debug_line)
 .debug_line    0x00000000       0x8e obj\Debug\Activity_1.o
 .debug_line    0x0000008e       0xd7 obj\Debug\Activity_2.o
 .debug_line    0x00000165      0x1a3 obj\Debug\Activity_3.o
 .debug_line    0x00000308       0x73 obj\Debug\fuse.o
 .debug_line    0x0000037b       0xe1 obj\Debug\main.o
 .debug_line    0x0000045c       0xca obj\Debug\Totalactivity.o

.debug_frame    0x00000000       0xd0
 *(.debug_frame)
 .debug_frame   0x00000000       0x20 obj\Debug\Activity_1.o
 .debug_frame   0x00000020       0x30 obj\Debug\Activity_2.o
 .debug_frame   0x00000050       0x30 obj\Debug\Activity_3.o
 .debug_frame   0x00000080       0x20 obj\Debug\main.o
 .debug_frame   0x000000a0       0x30 obj\Debug\Totalactivity.o

.debug_str      0x00000000      0x17f
 *(.debug_str)
 .debug_str     0x00000000       0x72 obj\Debug\Activity_1.o
                                 0xa6 (size before relaxing)
 .debug_str     0x00000072       0x38 obj\Debug\Activity_2.o
                                 0xc2 (size before relaxing)
 .debug_str     0x000000aa       0x64 obj\Debug\Activity_3.o
                                 0xfc (size before relaxing)
 .debug_str     0x0000010e       0x25 obj\Debug\fuse.o
                                 0xaf (size before relaxing)
 .debug_str     0x00000133       0x17 obj\Debug\main.o
                                 0xaf (size before relaxing)
 .debug_str     0x0000014a       0x35 obj\Debug\Totalactivity.o
                                 0xcd (size before relaxing)

.debug_loc      0x00000000      0x160
 *(.debug_loc)
 .debug_loc     0x00000000       0x13 obj\Debug\Activity_2.o
 .debug_loc     0x00000013      0x117 obj\Debug\Activity_3.o
 .debug_loc     0x0000012a       0x36 obj\Debug\Totalactivity.o

.debug_macinfo
 *(.debug_macinfo)
OUTPUT(bin\Debug\case_study.elf elf32-avr)
LOAD linker stubs

Cross Reference Table

Symbol                                            File
ADConverter_init                                  obj\Debug\Activity_2.o
                                                  obj\Debug\main.o
Activity1_init                                    obj\Debug\Activity_1.o
                                                  obj\Debug\main.o
PWM                                               obj\Debug\Activity_3.o
                                                  obj\Debug\main.o
PWM_init                                          obj\Debug\Activity_3.o
                                                  obj\Debug\main.o
Read_ADC                                          obj\Debug\Activity_2.o
                                                  obj\Debug\main.o
UART_init                                         obj\Debug\Totalactivity.o
                                                  obj\Debug\main.o
Write_UART                                        obj\Debug\Totalactivity.o
                                                  obj\Debug\main.o
__bad_interrupt                                   d:/bin/../lib/gcc/avr/4.3.3/../../../../avr/lib/avr5/crtm328.o
__fuse                                            obj\Debug\fuse.o
__heap_end                                        d:/bin/../lib/gcc/avr/4.3.3/../../../../avr/lib/avr5/crtm328.o
__init                                            d:/bin/../lib/gcc/avr/4.3.3/../../../../avr/lib/avr5/crtm328.o
__stack                                           d:/bin/../lib/gcc/avr/4.3.3/../../../../avr/lib/avr5/crtm328.o
__vector_1                                        d:/bin/../lib/gcc/avr/4.3.3/../../../../avr/lib/avr5/crtm328.o
__vector_10                                       d:/bin/../lib/gcc/avr/4.3.3/../../../../avr/lib/avr5/crtm328.o
__vector_11                                       d:/bin/../lib/gcc/avr/4.3.3/../../../../avr/lib/avr5/crtm328.o
__vector_12                                       d:/bin/../lib/gcc/avr/4.3.3/../../../../avr/lib/avr5/crtm328.o
__vector_13                                       d:/bin/../lib/gcc/avr/4.3.3/../../../../avr/lib/avr5/crtm328.o
__vector_14                                       d:/bin/../lib/gcc/avr/4.3.3/../../../../avr/lib/avr5/crtm328.o
__vector_15                                       d:/bin/../lib/gcc/avr/4.3.3/../../../../avr/lib/avr5/crtm328.o
__vector_16                                       d:/bin/../lib/gcc/avr/4.3.3/../../../../avr/lib/avr5/crtm328.o
__vector_17                                       d:/bin/../lib/gcc/avr/4.3.3/../../../../avr/lib/avr5/crtm328.o
__vector_18                                       d:/bin/../lib/gcc/avr/4.3.3/../../../../avr/lib/avr5/crtm328.o
__vector_19                                       d:/bin/../lib/gcc/avr/4.3.3/../../../../avr/lib/avr5/crtm328.o
__vector_2                                        d:/bin/../lib/gcc/avr/4.3.3/../../../../avr/lib/avr5/crtm328.o
__vector_20                                       d:/bin/../lib/gcc/avr/4.3.3/../../../../avr/lib/avr5/crtm328.o
__vector_21                                       d:/bin/../lib/gcc/avr/4.3.3/../../../../avr/lib/avr5/crtm328.o
__vector_22                                       d:/bin/../lib/gcc/avr/4.3.3/../../../../avr/lib/avr5/crtm328.o
__vector_23                                       d:/bin/../lib/gcc/avr/4.3.3/../../../../avr/lib/avr5/crtm328.o
__vector_24                                       d:/bin/../lib/gcc/avr/4.3.3/../../../../avr/lib/avr5/crtm328.o
__vector_25                                       d:/bin/../lib/gcc/avr/4.3.3/../../../../avr/lib/avr5/crtm328.o
__vector_3                                        d:/bin/../lib/gcc/avr/4.3.3/../../../../avr/lib/avr5/crtm328.o
__vector_4                                        d:/bin/../lib/gcc/avr/4.3.3/../../../../avr/lib/avr5/crtm328.o
__vector_5                                        d:/bin/../lib/gcc/avr/4.3.3/../../../../avr/lib/avr5/crtm328.o
__vector_6                                        d:/bin/../lib/gcc/avr/4.3.3/../../../../avr/lib/avr5/crtm328.o
__vector_7                                        d:/bin/../lib/gcc/avr/4.3.3/../../../../avr/lib/avr5/crtm328.o
__vector_8                                        d:/bin/../lib/gcc/avr/4.3.3/../../../../avr/lib/avr5/crtm328.o
__vector_9                                        d:/bin/../lib/gcc/avr/4.3.3/../../../../avr/lib/avr5/crtm328.o
__vector_default                                  d:/bin/../lib/gcc/avr/4.3.3/../../../../avr/lib/avr5/crtm328.o
__vectors                                         d:/bin/../lib/gcc/avr/4.3.3/../../../../avr/lib/avr5/crtm328.o
_exit                                             d:/bin/../lib/gcc/avr/4.3.3/avr5\libgcc.a(_exit.o)
exit                                              d:/bin/../lib/gcc/avr/4.3.3/avr5\libgcc.a(_exit.o)
                                                  d:/bin/../lib/gcc/avr/4.3.3/../../../../avr/lib/avr5/crtm328.o
main                                              obj\Debug\main.o
                                                  d:/bin/../lib/gcc/avr/4.3.3/../../../../avr/lib/avr5/crtm328.o
